// Jest Snapshot v1, https://goo.gl/fbAQLP

exports[`BottomSheet doesn't renders content when closed 1`] = `<div />`;

exports[`BottomSheet renders content when open 1`] = `
<div>
  <div
    class="dimmer"
  >
    <div
      class="sliding-panel"
    >
      <div
        class="np-bottom-sheet p-x-2 p-t-4 p-b-2"
      >
        content
      </div>
    </div>
  </div>
</div>
`;
